Traceback (most recent call last):
  File "C:\Users\pilsu\anaconda3\Lib\site-packages\jupyter_cache\executors\utils.py", line 58, in single_nb_execution
    executenb(
  File "C:\Users\pilsu\anaconda3\Lib\site-packages\nbclient\client.py", line 1305, in execute
    return NotebookClient(nb=nb, resources=resources, km=km, **kwargs).execute()
           ^^^^^^^^^^^^^^^^^^^^^^^^^^^^^^^^^^^^^^^^^^^^^^^^^^^^^^^^^^^^^^^^^^^^^
  File "C:\Users\pilsu\anaconda3\Lib\site-packages\jupyter_core\utils\__init__.py", line 165, in wrapped
    return loop.run_until_complete(inner)
           ^^^^^^^^^^^^^^^^^^^^^^^^^^^^^^
  File "C:\Users\pilsu\anaconda3\Lib\asyncio\base_events.py", line 687, in run_until_complete
    return future.result()
           ^^^^^^^^^^^^^^^
  File "C:\Users\pilsu\anaconda3\Lib\site-packages\nbclient\client.py", line 705, in async_execute
    await self.async_execute_cell(
  File "C:\Users\pilsu\anaconda3\Lib\site-packages\nbclient\client.py", line 1058, in async_execute_cell
    await self._check_raise_for_error(cell, cell_index, exec_reply)
  File "C:\Users\pilsu\anaconda3\Lib\site-packages\nbclient\client.py", line 914, in _check_raise_for_error
    raise CellExecutionError.from_cell_and_msg(cell, exec_reply_content)
nbclient.exceptions.CellExecutionError: An error occurred while executing the following cell:
------------------
# 2021년
x = df_2021['순자산']
weight = df_2021['가중값']

print(f"Weighted Gini Coefficient: {weighted_gini(x, weight)}")
print(f"Weighted Gini Coefficient: {weighted_gini_rank_based(x, weight)}")
print(f"Weighted Gini Coefficient: {weighted_gini_absolute_difference(x, weight)}")
------------------

----- stdout -----
Weighted Gini Coefficient: 0.6078719528264442
Weighted Gini Coefficient: 0.6078719528264429
------------------

[1;31m---------------------------------------------------------------------------[0m
[1;31mMemoryError[0m                               Traceback (most recent call last)
Cell [1;32mIn[25], line 7[0m
[0;32m      5[0m [38;5;28mprint[39m([38;5;124mf[39m[38;5;124m"[39m[38;5;124mWeighted Gini Coefficient: [39m[38;5;132;01m{[39;00mweighted_gini(x,[38;5;250m [39mweight)[38;5;132;01m}[39;00m[38;5;124m"[39m)
[0;32m      6[0m [38;5;28mprint[39m([38;5;124mf[39m[38;5;124m"[39m[38;5;124mWeighted Gini Coefficient: [39m[38;5;132;01m{[39;00mweighted_gini_rank_based(x,[38;5;250m [39mweight)[38;5;132;01m}[39;00m[38;5;124m"[39m)
[1;32m----> 7[0m [38;5;28mprint[39m([38;5;124mf[39m[38;5;124m"[39m[38;5;124mWeighted Gini Coefficient: [39m[38;5;132;01m{[39;00mweighted_gini_absolute_difference(x,[38;5;250m [39mweight)[38;5;132;01m}[39;00m[38;5;124m"[39m)

Cell [1;32mIn[23], line 11[0m, in [0;36mweighted_gini_absolute_difference[1;34m(x, w)[0m
[0;32m      9[0m [38;5;66;03m# 절대 차이 계산[39;00m
[0;32m     10[0m absolute_differences [38;5;241m=[39m np[38;5;241m.[39mabs(x[:, [38;5;28;01mNone[39;00m] [38;5;241m-[39m x[[38;5;28;01mNone[39;00m, :])  [38;5;66;03m# 모든 소득 쌍의 절대 차이[39;00m
[1;32m---> 11[0m weighted_diff [38;5;241m=[39m np[38;5;241m.[39mouter(w_norm, w_norm) [38;5;241m*[39m absolute_differences
[0;32m     13[0m [38;5;66;03m# 지니계수 계산[39;00m
[0;32m     14[0m gini [38;5;241m=[39m np[38;5;241m.[39msum(weighted_diff) [38;5;241m/[39m ([38;5;241m2[39m [38;5;241m*[39m mean_x)

[1;31mMemoryError[0m: Unable to allocate 2.46 GiB for an array with shape (18187, 18187) and data type float64

